Some content, generated by: GenerateFileWebpackPlugin