Some static content A, generated by: GenerateFileWebpackPlugin