Some static content B, generated by: GenerateFileWebpackPlugin